// Vitest Snapshot v1, https://vitest.dev/guide/snapshot.html

exports[`Should render correctly 1`] = `
<body>
  <div>
    <div
      class="md:hidden"
    >
      <details
        class="group py-2.5"
      >
        <summary
          class="text-sky-base flex items-center justify-between gap-2 font-semibold group-open:mb-2.5 md:hidden"
        >
          <span
            class="inline-block group-open:hidden"
          >
            Visa händelser
          </span>
          <span
            class="hidden group-open:inline-block"
          >
            Dölj händelser
          </span>
          <ids-icon-plus
            class="bg-sky-base h-5 w-5 rounded-full p-1 text-white group-open:hidden ids-icon"
          />
          <ids-icon-minus
            class="bg-sky-base hidden h-5 w-5 rounded-full p-1 text-white group-open:flex ids-icon"
          />
        </summary>
        <div>
          <div
            class="font-bold"
          >
            Senaste händelser
          </div>
          <div>
            2023-09-06 11:00
             
            excepturi
          </div>
          <div>
            2023-09-05 11:00
             
            pariatur
          </div>
          <div>
            2023-09-04 11:00
             
            provident
          </div>
        </div>
      </details>
    </div>
    <div
      class="hidden md:block"
    >
      <div>
        <div
          class="font-bold"
        >
          Senaste händelser
        </div>
        <div>
          2023-09-06 11:00
           
          excepturi
        </div>
        <div>
          2023-09-05 11:00
           
          pariatur
        </div>
        <div>
          2023-09-04 11:00
           
          provident
        </div>
      </div>
    </div>
  </div>
</body>
`;
