// Vitest Snapshot v1, https://vitest.dev/guide/snapshot.html

exports[`Unable to load certificate > Should render error message 1`] = `
[
  <div
    class="ids-alert ids-alert--error"
    role="alert"
  >
    <div
      class="ids-alert__header"
    >
      <div
        class="ids-alert__icon_and_text"
      >
        <span
          aria-hidden="true"
          class="ids-alert__state-icon"
        />
        <div
          class="ids-alert__headline"
        >
          <h2>
            Tekniskt fel
          </h2>
        </div>
      </div>
    </div>
    <div
      id="alert-content-:re:"
    >
      <div
        class="ids-alert__content"
      >
        <div
          class="flex flex-col gap-4"
        >
          <p>
            Intyget kunde inte visas på grund av ett tekniskt fel. Försök igen senare. Om felet kvarstår kontakta 
            <a
              class="ids-link ids-link--underlined"
              href="https://www.1177.se/e-tjanster-support"
              rel="noreferrer"
              target="_blank"
            >
              support
              <span
                class="ids-icon-external-link-small ids-icon--text-end"
              />
            </a>
            och ange nedan fel-id:
          </p>
          <p>
            Om du inte kan nå ditt intyg, kontakta din mottagning för att få en kopia av intyget.
          </p>
        </div>
      </div>
    </div>
  </div>,
]
`;
