// Vitest Snapshot v1, https://vitest.dev/guide/snapshot.html

exports[`Should have article content 1`] = `
<article
  class="ids-certificate"
>
  <section
    class="md:mb-10"
  >
    <ids-expandable
      class="md:hidden"
    >
      <p>
        Test
      </p>
    </ids-expandable>
    <div
      class="hidden md:block"
    >
      <h2
        class="ids-heading-2"
      >
        Rubrik 1
      </h2>
      <p>
        Test
      </p>
    </div>
  </section>
  <footer>
    <hr
      class="my-7 border-stone-clear"
    />
    <h2
      class="ids-heading-3"
    >
      Intyget är utfärdat och signerat av
    </h2>
    <address
      class="flex flex-col gap-4 not-italic md:flex-row md:gap-[6.25rem]"
    >
      <div>
        <strong>
          Ajla Doktor
        </strong>
        <p>
          6941-83067
        </p>
      </div>
      <div>
        <strong>
          Sofia Björk, PhD. Carina Engström
        </strong>
        <p>
          itaque, 28606, Gävvik
        </p>
      </div>
    </address>
    <hr
      class="my-7 border-stone-clear"
    />
  </footer>
</article>
`;
