// Vitest Snapshot v1, https://vitest.dev/guide/snapshot.html

exports[`Should render as expected 1`] = `
<div>
  <header
    class="ids-content mb-7"
  >
    <h1
      class="ids-heading-1"
    >
      Skicka intyg 
    </h1>
    <div
      class="ids-preamble mb-2 text-lg md:text-[1.375rem]/[2.25rem]"
    >
      Från den här sidan kan du välja att skicka ditt intyg digitalt till mottagaren. Endast mottagare som kan ta emot digitala intyg visas nedan.
    </div>
  </header>
  <div>
    <h2
      class="ids-heading-2 mb-5"
    >
      Intyg som ska skickas
    </h2>
    <ids-card
      class="mb-5"
    >
      <h2
        class="ids-heading-3"
      >
        Dr. Robert Svensson
      </h2>
      <div
        class="flex flex-col gap-5 md:flex-row md:gap-10"
      >
        <div>
          <h3
            class="ids-heading-4 mb-0"
          >
            Gäller intygsperiod
          </h3>
          2021-04-22 - 2021-07-19
        </div>
        <div>
          <h3
            class="ids-heading-4 mb-0"
          >
            Intyg utfärdat
          </h3>
          2023-10-10
        </div>
        <div>
          <h3
            class="ids-heading-4 mb-0"
          >
            Skrivet av
          </h3>
          Jenny Ström
          , 
          Tommy Claesson
        </div>
      </div>
    </ids-card>
  </div>
  <div
    class="mb-5"
  >
    <h2
      class="ids-heading-2 mb-5"
    >
      Mottagare
    </h2>
    <ids-card>
      Transportstyrelsen
    </ids-card>
  </div>
  <div
    class="flex flex-col gap-5 py-5 sm:flex-row"
  >
    <ids-button
      role="button"
      sblock=""
      secondary=""
      size="m"
      tabindex="0"
      type=""
    >
      Tillbaka till intyget
    </ids-button>
    <ids-button
      role="button"
      sblock=""
      size="m"
      tabindex="0"
      type=""
    >
      Skicka
    </ids-button>
  </div>
</div>
`;
