// Vitest Snapshot v1, https://vitest.dev/guide/snapshot.html

exports[`Should render as expected 1`] = `
<div>
  <header
    class="ids-content mb-7"
  >
    <h1
      class="ids-heading-1"
    >
      Skicka intyg 
    </h1>
    <div
      class="ids-preamble mb-2 text-lg md:text-[1.375rem]/[2.25rem]"
    />
    <div>
      <button
        aria-label="Läs mer om vad du kan göra i Intyg"
        class="ids-link inline-flex text-base font-normal"
        type="button"
      >
        <span
          class="ids-link__icon"
        >
          <ids-icon-information
            class="ids-icon"
            size="m"
          />
        </span>
        <span
          class="ids-link__text"
        >
          Läs mer om vad du kan göra i Intyg
        </span>
      </button>
      <div
        data-focus-guard="true"
        style="width: 1px; height: 0px; padding: 0px; overflow: hidden; position: fixed; top: 1px; left: 1px;"
        tabindex="-1"
      />
      <div
        data-focus-lock-disabled="disabled"
      >
        <ids-dialog
          aria-labelledby=":r0:"
          role="dialog"
          show="false"
          srclosetext="Stäng"
        >
          <h1
            class="ids-heading-1 ids-small"
            id=":r0:"
            slot="headline"
          >
            Vad kan du göra i Intyg
          </h1>
        </ids-dialog>
      </div>
      <div
        data-focus-guard="true"
        style="width: 1px; height: 0px; padding: 0px; overflow: hidden; position: fixed; top: 1px; left: 1px;"
        tabindex="-1"
      />
    </div>
  </header>
  <ids-spinner
    data-testid="spinner"
  />
</div>
`;

exports[`Should render error message when unable to load certificate 1`] = `
[
  <ids-alert
    role="alert"
  >
    <div
      class="flex flex-col gap-4"
    >
      <p>
        Intyget kunde inte visas på grund av ett tekniskt fel. Försök igen senare. Om felet kvarstår kontakta 
        <ids-link
          color="var(--link-colorpreset-1_color)"
          hovercolor="var(--link-colorpreset-1-hover_color)"
          underlined=""
        >
          <a
            href="https://www.1177.se/e-tjanster-support"
            rel="noreferrer"
            target="_blank"
          >
            support
          </a>
          <ids-icon-external
            class="ids-icon"
            color="var(--link-colorpreset-1_color)"
            color2="var(--link-colorpreset-1_color)"
            height="1rem"
            size="m"
            slot="append-icon"
            width="1rem"
          />
        </ids-link>
        och ange nedan fel-id:
      </p>
      <div
        class=""
      >
        <button
          aria-label="Kopiera fel-id"
          tabindex="0"
          type="button"
          value="5f92e947-e2ee-4238-bf29-4cdc6b6c4b54"
        >
          <p
            class="flex justify-center gap-1 align-bottom font-bold"
            data-state="closed"
          >
            <span>
              Fel-id: 
            </span>
             
            <span
              class="font-normal"
            >
              5f92e947-e2ee-4238-bf29-4cdc6b6c4b54
            </span>
            <ids-icon-copy-file
              class="ids-icon"
              size="s"
            />
          </p>
          <p
            class="flex justify-items-start"
          />
        </button>
      </div>
      <p>
        Om du inte kan nå ditt intyg, kontakta din mottagning för att få en kopia av intyget.
      </p>
    </div>
  </ids-alert>,
]
`;
