// Vitest Snapshot v1, https://vitest.dev/guide/snapshot.html

exports[`Should render as expected 1`] = `
<div>
  <details
    class="group mb-5"
  >
    <summary
      class="flex cursor-pointer select-none flex-col md:flex-row"
    >
      <div
        class="grow border-y border-neutral-90  py-2.5 md:pl-5"
      >
        Visar 
        43
         av 
        100
         
        intyg
      </div>
      <div
        class="-mt-px flex justify-between gap-5 border-y border-neutral-90  py-2.5 md:mt-0 md:border-l md:px-5"
      >
        Filtrera lista
        <span
          class="ids-icon-chevron-down ids-icon--color-preset-1 self-center group-open:rotate-180"
        />
      </div>
    </summary>
    <div
      class="border-b border-neutral-90  py-5"
    >
      <span>
        Test
      </span>
    </div>
  </details>
</div>
`;
