// Vitest Snapshot v1, https://vitest.dev/guide/snapshot.html

exports[`Should render correctly 1`] = `
<body>
  <div>
    <div
      class="mb-2.5 flex flex-col justify-between gap-2.5 md:flex-row"
    >
      <h3
        class="ids-heading-2 mb-0"
      >
        <a
          class="ids-anchor"
          href="/intyg/123"
        >
          Foo
        </a>
      </h3>
      <ids-badge
        class="[&:not(:last-child)]:mb-2.5"
      >
        Nytt
      </ids-badge>
    </div>
  </div>
</body>
`;
