// Vitest Snapshot v1, https://vitest.dev/guide/snapshot.html

exports[`Should render footer as expected 1`] = `
<div>
  <footer
    class="ids-footer-1177-admin print:hidden"
  >
    <div
      class="ids-footer-1177-admin__inner-wrapper"
    >
      <div
        class="ids-footer-1177-admin__inner"
      >
        <div
          class="ids-footer-1177-admin__headline-wrapper"
        >
          <h2
            class="ids-footer-1177-admin__headline"
          >
            Rehabstöd
          </h2>
        </div>
        <div
          class="ids-footer-1177-admin__content"
        >
          <div
            class="ids-footer-1177-admin__text"
          >
            <p
              class="ids-body"
            >
              Rehabstöd används för att samordna och följa upp sjukskrivna patienters rehabilitering.
            </p>
          </div>
          <div
            class="ids-footer-1177-admin__cols"
          >
            <div
              class="ids-footer-1177-admin__link-col ids-footer-1177-admin__link-col--50"
            >
              <a
                class="ids-link ids-link--icon ids-link--block ids-link--footer ids-link--underlined"
                href="https://insecure-ophthalmologist.com"
                rel="noreferrer"
                target="_blank"
              >
                <span
                  aria-hidden="true"
                  class="ids-icon-arrow-right-small ids-icon--text-start mt-0"
                />
                ineraManualRehabstod
              </a>
               
              <a
                class="ids-link ids-link--icon ids-link--block ids-link--footer ids-link--underlined"
                href="http://wrong-elephant.com"
                rel="noreferrer"
                target="_blank"
              >
                <span
                  aria-hidden="true"
                  class="ids-icon-arrow-right-small ids-icon--text-start mt-0"
                />
                ineraNationellKundservice
              </a>
            </div>
            <div
              class="ids-footer-1177-admin__link-col ids-footer-1177-admin__link-col--50"
            >
              <a
                class="ids-link ids-link--icon ids-link--block ids-link--footer ids-link--underlined"
                href="http://new-adrenalin.info"
                rel="noreferrer"
                target="_blank"
              >
                <span
                  aria-hidden="true"
                  class="ids-icon-arrow-right-small ids-icon--text-start mt-0"
                />
                Tillgänglighetsredogörelse
              </a>
            </div>
          </div>
        </div>
      </div>
    </div>
    <div
      class="ids-footer-1177-admin__mobile-menu"
    >
      <div
        class="ids-mobile-menu ids-mobile-menu--variation-2"
      >
        <div
          class="ids-mobile-menu-item"
        >
          <div
            class="ids-mobile-menu-item__inner ids-mobile-menu-item__inner--level-1"
          >
            <a
              href="https://insecure-ophthalmologist.com"
              rel="noreferrer"
              target="_blank"
            >
              ineraManualRehabstod
            </a>
          </div>
          <div
            class="ids-mobile-menu-item__sub-items"
            id="mobile-menu-sub-item-:r0:"
          />
        </div>
        <div
          class="ids-mobile-menu-item"
        >
          <div
            class="ids-mobile-menu-item__inner ids-mobile-menu-item__inner--level-1"
          >
            <a
              href="http://wrong-elephant.com"
              rel="noreferrer"
              target="_blank"
            >
              ineraNationellKundservice
            </a>
          </div>
          <div
            class="ids-mobile-menu-item__sub-items"
            id="mobile-menu-sub-item-:r1:"
          />
        </div>
        <div
          class="ids-mobile-menu-item"
        >
          <div
            class="ids-mobile-menu-item__inner ids-mobile-menu-item__inner--level-1"
          >
            <a
              href="http://new-adrenalin.info"
              rel="noreferrer"
              target="_blank"
            >
              Tillgänglighetsredogörelse
            </a>
          </div>
          <div
            class="ids-mobile-menu-item__sub-items"
            id="mobile-menu-sub-item-:r2:"
          />
        </div>
      </div>
    </div>
    <div
      class="ids-footer-1177-admin__sub-footer"
    >
      <div
        class="ids-footer-1177-admin__sub-footer-container"
      >
        <div
          class="ids-footer-1177-admin__sub-footer-inner"
        >
          <div
            class="ids-footer-1177-admin__sub-footer-left"
          >
            <a
              class="ids-link ids-link--color-3 ids-link--small"
              href="http://grubby-dragster.info"
              rel="noreferrer"
              target="_blank"
            >
              ineraBehandlingPersonuppgifter
              <span
                class="ids-icon-external-link-small ids-icon--text-end"
              />
            </a>
            <button
              class="ids-link inline-flex font-normal items-center ids-link--underlined ids-link--color-4 ids-link--light ids-link--small"
              type="button"
            >
              <span
                class="ids-link__text"
              >
                Hantering av kakor
              </span>
            </button>
          </div>
          <div
            class="ids-footer-1177-admin__sub-footer-right"
          >
            <p
              class="text-white"
            >
              Rehabstöd drivs av
               
              <a
                class="ids-link ids-link--color-3 ids-link--icon ids-link--small ids-link--underlined"
                href="https://delicious-quadrant.org"
                rel="noreferrer"
                target="_blank"
              >
                ineraMainPage
                <span
                  class="ids-icon-external-link-small ids-icon--text-end"
                />
              </a>
               
              på uppdrag av Sveriges regioner
            </p>
          </div>
          <div
            class="ids-footer-1177-admin__mobile-links"
          >
            <a
              class="ids-link ids-link--color-3"
              href="http://grubby-dragster.info"
              rel="noreferrer"
              target="_blank"
            >
              ineraBehandlingPersonuppgifter
              <span
                class="ids-icon-external-link-small ids-icon--text-end"
              />
            </a>
            <button
              class="ids-link inline-flex font-normal items-center ids-link--underlined text-base"
              type="button"
            >
              <span
                class="ids-link__text"
              >
                Hantering av kakor
              </span>
            </button>
          </div>
        </div>
      </div>
      <div
        class="ids-footer-1177-admin__sub-footer-mobile"
      >
        <div
          class="ids-footer-1177-admin__sub-footer-mobile-headline-wrapper"
        >
          <div
            class="ids-footer-1177-admin__sub-footer-mobile-logo"
          />
          <div
            class="ids-footer-1177-admin__sub-footer-mobile-headline"
          >
            Rehabstöd
          </div>
        </div>
        <div
          class="ids-footer-1177-admin__sub-footer-mobile-text"
        >
          <p
            class="text-white"
          >
            Rehabstöd drivs av
             
            <a
              class="ids-link ids-link--icon ids-link--small ids-link--underlined"
              href="https://delicious-quadrant.org"
              rel="noreferrer"
              target="_blank"
            >
              ineraMainPage
              <span
                class="ids-icon-external-link-small ids-icon--text-end"
              />
            </a>
             
            på uppdrag av Sveriges regioner
          </p>
        </div>
      </div>
    </div>
  </footer>
</div>
`;
