// Vitest Snapshot v1, https://vitest.dev/guide/snapshot.html

exports[`Should render correctly 1`] = `
<div>
  <div
    class="mb-2.5 border-b border-neutral-90 pb-5 md:flex-row md:border-0 md:pb-0"
  >
    <div>
      <h4
        class="ids-heading-4 mb-0"
      >
        Skrivet av
      </h4>
      <p>
        Adamn
        , 
        Alfa-enheten
      </p>
    </div>
  </div>
</div>
`;
