// Vitest Snapshot v1, https://vitest.dev/guide/snapshot.html

exports[`Should render correctly 1`] = `
<div>
  <div
    class="mb-2.5 flex flex-col justify-between gap-2.5 md:flex-row"
  >
    <h3
      class="ids-heading-2 mb-0"
    >
      <a
        class="ids-anchor"
        href="/intyg/123"
      >
        Foo
      </a>
    </h3>
    <div
      class="flex gap-1 [&:not(:last-child)]:mb-2.5"
    >
      <ids-badge
        class="whitespace-nowrap"
      >
        Nytt
      </ids-badge>
      <ids-badge
        class="whitespace-nowrap"
      >
        Ej skickat
      </ids-badge>
    </div>
  </div>
</div>
`;
