// Vitest Snapshot v1, https://vitest.dev/guide/snapshot.html

exports[`Should render with order set to "ascending" 1`] = `
<div>
  <div
    class="mb-5 flex flex-col md:flex-row md:gap-1"
  >
    Sortera efter:
     
    <div
      class="inline-flex gap-1"
    >
      <button
        aria-label="Nyast först"
        class="ids-link inline-flex text-base font-normal items-center ids-link--underlined"
        type="button"
      >
        <span
          class="ids-link__text"
        >
          Nyast först
        </span>
      </button>
      <div
        role="separator"
      >
        |
      </div>
      <button
        aria-label="Äldst först"
        class="ids-link inline-flex text-base font-normal items-center ids-link--underlined font-semibold text-neutral-20 pointer-events-none no-underline"
        type="button"
      >
        <span
          class="ids-link__text"
        >
          Äldst först
        </span>
      </button>
    </div>
  </div>
</div>
`;

exports[`Should render with order set to "descending" 1`] = `
<div>
  <div
    class="mb-5 flex flex-col md:flex-row md:gap-1"
  >
    Sortera efter:
     
    <div
      class="inline-flex gap-1"
    >
      <button
        aria-label="Nyast först"
        class="ids-link inline-flex text-base font-normal items-center ids-link--underlined font-semibold text-neutral-20 pointer-events-none no-underline"
        type="button"
      >
        <span
          class="ids-link__text"
        >
          Nyast först
        </span>
      </button>
      <div
        role="separator"
      >
        |
      </div>
      <button
        aria-label="Äldst först"
        class="ids-link inline-flex text-base font-normal items-center ids-link--underlined"
        type="button"
      >
        <span
          class="ids-link__text"
        >
          Äldst först
        </span>
      </button>
    </div>
  </div>
</div>
`;
