// Vitest Snapshot v1, https://vitest.dev/guide/snapshot.html

exports[`Should render with order set to "ascending" 1`] = `
<div>
  <div
    class="mb-5 flex flex-col text-stone-dark md:flex-row md:gap-1"
  >
    Sortera efter:
     
    <div
      class="inline-flex gap-1"
    >
      <button
        aria-label="Nyast först"
        class="text-sky-base underline hover:text-sky-dark"
        type="button"
      >
        Nyast först
      </button>
      <div
        role="separator"
      >
        |
      </div>
      <button
        aria-label="Äldst först"
        class="font-semibold pointer-events-none"
        type="button"
      >
        Äldst först
      </button>
    </div>
  </div>
</div>
`;

exports[`Should render with order set to "descending" 1`] = `
<div>
  <div
    class="mb-5 flex flex-col text-stone-dark md:flex-row md:gap-1"
  >
    Sortera efter:
     
    <div
      class="inline-flex gap-1"
    >
      <button
        aria-label="Nyast först"
        class="font-semibold pointer-events-none"
        type="button"
      >
        Nyast först
      </button>
      <div
        role="separator"
      >
        |
      </div>
      <button
        aria-label="Äldst först"
        class="text-sky-base underline hover:text-sky-dark"
        type="button"
      >
        Äldst först
      </button>
    </div>
  </div>
</div>
`;
