// Vitest Snapshot v1, https://vitest.dev/guide/snapshot.html

exports[`Should render with order set to "ascending" 1`] = `
<body>
  <div>
    <div
      class="text-stone-dark mb-5 flex flex-col md:flex-row md:gap-1"
    >
      Sortera efter:
       
      <div
        class="inline-flex gap-1"
      >
        <button
          class="text-sky-base underline"
          type="button"
        >
          Nyast först
        </button>
        <div
          role="separator"
        >
          |
        </div>
        <button
          class="font-semibold pointer-events-none"
          type="button"
        >
          Äldst först
        </button>
      </div>
    </div>
  </div>
</body>
`;

exports[`Should render with order set to "descending" 1`] = `
<body>
  <div>
    <div
      class="text-stone-dark mb-5 flex flex-col md:flex-row md:gap-1"
    >
      Sortera efter:
       
      <div
        class="inline-flex gap-1"
      >
        <button
          class="font-semibold pointer-events-none"
          type="button"
        >
          Nyast först
        </button>
        <div
          role="separator"
        >
          |
        </div>
        <button
          class="text-sky-base underline"
          type="button"
        >
          Äldst först
        </button>
      </div>
    </div>
  </div>
</body>
`;
