// Vitest Snapshot v1, https://vitest.dev/guide/snapshot.html

exports[`Should render links when user is loaded 2`] = `
[
  <a
    href="https://e-tjanster.1177.se/mvk/settings.xhtml"
    slot="avatar-left"
  >
    Inställningar
  </a>,
  <a
    href="/logga-ut"
    slot="avatar-right"
  >
    Logga ut
  </a>,
  <a
    href="https://e-tjanster.1177.se/mvk/"
  >
    Start
  </a>,
  <a
    href="https://e-tjanster.1177.se/mvk/messageList.xhtml"
  >
    Inkorg
  </a>,
  <a
    href="https://bokadetider.1177.se/"
  >
    Bokade tider
  </a>,
  <a
    href="https://journalen.1177.se/"
  >
    Journalen
  </a>,
  <a
    href="https://pep.1177.se/"
  >
    Egen provhantering
  </a>,
  <a
    href="https://sob.1177.se/"
  >
    Stöd och behandling
  </a>,
  <a
    href="/intyg"
  >
    Intyg
  </a>,
  <a
    href="https://e-tjanster.1177.se/mvk/services.xhtml?tab=3"
  >
    Övriga tjänster
  </a>,
  <a
    href="https://e-tjanster.1177.se/mvk/settings.xhtml"
  >
    Inställningar
  </a>,
  <a
    href="/logga-ut"
    slot="avatar-right"
  >
    Logga ut
  </a>,
  <a
    href="https://e-tjanster.1177.se/mvk/"
    slot="link"
  >
    Start
  </a>,
  <a
    href="https://e-tjanster.1177.se/mvk/messageList.xhtml"
    slot="link"
  >
    Inkorg
  </a>,
  <a
    href="https://bokadetider.1177.se/"
    slot="link"
  >
    Bokade tider
  </a>,
  <a
    href="https://journalen.1177.se/"
    slot="link"
  >
    Journalen
  </a>,
  <a
    href="https://pep.1177.se/"
    slot="link"
  >
    Egen provhantering
  </a>,
  <a
    href="https://sob.1177.se/"
    slot="link"
  >
    Stöd och behandling
  </a>,
  <a
    href="/intyg"
    slot="link"
  >
    Intyg
  </a>,
  <a
    href="https://e-tjanster.1177.se/mvk/services.xhtml?tab=3"
    slot="link"
  >
    Övriga tjänster
  </a>,
]
`;
