// Vitest Snapshot v1, https://vitest.dev/guide/snapshot.html

exports[`Should render as expected 1`] = `
<div>
  <div
    class="flex min-h-screen flex-col"
    id="top"
  >
    <header
      class="ids-header-1177"
    >
      <div
        class="ids-header-1177__skip-to-content"
      >
        <a
          href="#content"
        >
          Till sidans huvudinnehåll
        </a>
      </div>
      <div
        class="ids-header-1177__container"
      >
        <div
          class="ids-header-1177__inner"
        >
          <div
            class="ids-header-1177__inner-left"
          >
            <div
              class="ids-header-1177__logo-wrapper"
            >
              <div
                class="ids-header-1177__logo"
              >
                <a
                  aria-label="Logotyp"
                  class="ids-header-1177__logo-link"
                  href="https://e-tjanster.1177.se/mvk/"
                />
              </div>
            </div>
          </div>
          <div
            class="ids-header-1177__inner-right"
          >
            <div
              class="ids-header-1177__items"
            >
               
              <div
                class="ids-header-1177__mobile-menu"
              >
                <div
                  class="ids-header-1177-menu-mobile-component"
                >
                  <button
                    aria-expanded="false"
                    aria-label="Meny"
                    class="ids-header-1177-menu-mobile"
                  >
                    <div
                      class="ids-hamburger"
                    >
                      <span
                        class="ids-hamburger__lines"
                      />
                    </div>
                    <slot />
                  </button>
                </div>
              </div>
            </div>
          </div>
        </div>
      </div>
      <nav
        class="ids-header-1177__nav"
        slot="nav"
      >
        <div
          class="ids-header-1177__nav-inner"
        >
          <div
            class="ids-header-1177__nav-item"
          >
            <a
              href="https://e-tjanster.1177.se/mvk/"
            >
              Start
            </a>
          </div>
          <div
            class="ids-header-1177__nav-item"
          >
            <a
              href="https://e-tjanster.1177.se/mvk/messageList.xhtml"
            >
              Inkorg
            </a>
          </div>
          <div
            class="ids-header-1177__nav-item"
          >
            <a
              href="https://bokadetider.1177.se/"
            >
              Bokade tider
            </a>
          </div>
          <div
            class="ids-header-1177__nav-item"
          >
            <a
              href="https://journalen.1177.se/"
            >
              Journalen
            </a>
          </div>
          <div
            class="ids-header-1177__nav-item"
          >
            <a
              href="https://pep.1177.se/"
            >
              Egen provhantering
            </a>
          </div>
          <div
            class="ids-header-1177__nav-item"
          >
            <a
              href="https://sob.1177.se/"
            >
              Stöd och behandling
            </a>
          </div>
          <div
            class="ids-header-1177__nav-item ids-header-1177__nav-item--active"
          >
            <a
              href="/"
            >
              Intyg
            </a>
          </div>
          <div
            class="ids-header-1177__nav-item"
          >
            <a
              href="https://e-tjanster.1177.se/mvk/services.xhtml?tab=3"
            >
              Övriga tjänster
            </a>
          </div>
        </div>
      </nav>
    </header>
    <main
      class="relative flex-1"
      id="content"
    >
      <div
        class="ids-content m-auto max-w-screen-xl overflow-hidden px-2.5 py-5"
      >
        Test
      </div>
      <div
        class="sticky bottom-0 h-16 opacity-0 transition-opacity ease-in-out pointer-events-none"
      >
        <button
          aria-disabled="false"
          aria-label="Till toppen av sidan"
          aria-pressed="false"
          class="ids-button ids-button--m ids-button--fab ids-hide ids-show-1177 absolute bottom-5 right-5 select-none"
          role="button"
          tabindex="0"
        >
          <span
            class="ids-icon-arrow-up "
          />
        </button>
      </div>
    </main>
    <footer
      class="ids-footer-1177 print:hidden"
    >
      <div
        class="ids-footer-1177__inner-wrapper"
      >
        <div
          class="ids-footer-1177__inner"
        >
          <div
            class="ids-footer-1177__headline-row"
          >
            <h1
              class="ids-footer-1177__headline"
            >
              1177
              <span
                class="ids-footer-1177__headline--sub"
              >
                 - tryggt om din hälsa och vårt
              </span>
            </h1>
          </div>
          <div
            class="ids-footer-1177__content"
          >
            <div
              class="ids-footer-1177__text"
            >
              <p>
                1177 är en tjänst från Sveriges regioner. Vi finns alltid med dig när du vill må bättre.
              </p>
            </div>
            <div
              class="ids-footer-1177__link-col ids-footer-1177__link-col--2 ids-footer-1177__col-size-3"
            >
              <a
                class="ids-link ids-link--color-2 ids-link--block ids-link--no-underline"
                href="https://www.1177.se/e-tjanster-support"
                rel="noreferrer"
                target="_blank"
              >
                <span
                  class="ids-icon-arrow-right-small  ids-icon--text-start"
                />
                Support
                <span
                  class="ids-icon-external-link  ids-icon--text-end"
                />
              </a>
              <a
                class="ids-link ids-link--color-2 ids-link--block ids-link--no-underline"
                href="https://www.1177.se/om-1177/1177.se/tillganglighet-pa-1177/tillganglighetsredogorelse-for-e-tjanster-pa-1177.se/"
                rel="noreferrer"
                target="_blank"
              >
                <span
                  class="ids-icon-arrow-right-small  ids-icon--text-start"
                />
                Läs mer om e-tjänster
                <span
                  class="ids-icon-external-link  ids-icon--text-end"
                />
              </a>
            </div>
            <div
              class="ids-footer-1177__link-col ids-footer-1177__link-col--2 ids-footer-1177__col-size-3"
            >
              <a
                class="ids-link ids-link--color-2 ids-link--block ids-link--no-underline"
                href="https://www.1177.se/e-tjanster"
                rel="noreferrer"
                target="_blank"
              >
                <span
                  class="ids-icon-arrow-right-small  ids-icon--text-start"
                />
                Läs mer om e-tjänster
                <span
                  class="ids-icon-external-link  ids-icon--text-end"
                />
              </a>
            </div>
          </div>
        </div>
      </div>
      <div
        class="ids-footer-1177__sub-footer"
      >
        <div
          class="ids-footer-1177__sub-footer-container"
        >
          <div
            class="ids-footer-1177__sub-footer-row"
          >
            <div
              class="ids-footer-1177__sub-footer-left"
            >
              <p>
                1177 drivs av
                 
                <a
                  class="ids-link ids-link--color-4 ids-link--light ids-link--small ids-link--underlined"
                  href="https://www.inera.se/"
                  rel="noreferrer"
                  target="_blank"
                >
                  Inera AB
                  <span
                    class="ids-icon-external-link-small  ids-icon--text-end"
                  />
                </a>
                 
                på uppdrag av Sveriges regioner
              </p>
            </div>
            <div
              class="ids-footer-1177__sub-footer-right"
            >
              <a
                class="ids-link ids-link--color-4 ids-link--light ids-link--small ids-link--underlined"
                href="https://www.1177.se/om-1177/1177.se/hantering-av-personuppgifter-pa-1177.se/"
                rel="noreferrer"
                target="_blank"
              >
                Behandling av personuppgifter
                <span
                  class="ids-icon-external-link-small  ids-icon--text-end"
                />
              </a>
              <a
                class="ids-link ids-link--color-4 ids-link--light ids-link--small ids-link--underlined"
                href="https://www.1177.se/om-1177/1177.se/hantering-av-kakor-cookies-pa-1177.se/"
                rel="noreferrer"
                target="_blank"
              >
                Hantering av kakor
                <span
                  class="ids-icon-external-link-small  ids-icon--text-end"
                />
              </a>
            </div>
            <div
              class="ids-footer-1177__mobile-menu"
            >
              <div
                class="ids-mobile-menu"
              >
                <div
                  class="ids-mobile-menu-item"
                >
                  <div
                    class="ids-mobile-menu-item__inner ids-mobile-menu-item__inner--level-1"
                  >
                    <a
                      href="https://www.1177.se/e-tjanster-support"
                      rel="noreferrer"
                      target="_blank"
                    >
                      Support
                      <span
                        class="ids-icon-external-link  ids-icon--text-end"
                      />
                    </a>
                  </div>
                  <div
                    class="ids-mobile-menu-item__sub-items"
                    id=":r0:"
                  />
                </div>
                <div
                  class="ids-mobile-menu-item"
                >
                  <div
                    class="ids-mobile-menu-item__inner ids-mobile-menu-item__inner--level-1"
                  >
                    <a
                      href="https://www.1177.se/om-1177/1177.se/tillganglighet-pa-1177/tillganglighetsredogorelse-for-e-tjanster-pa-1177.se/"
                      rel="noreferrer"
                      target="_blank"
                    >
                      Tillgänglighet
                      <span
                        class="ids-icon-external-link  ids-icon--text-end"
                      />
                    </a>
                  </div>
                  <div
                    class="ids-mobile-menu-item__sub-items"
                    id=":r1:"
                  />
                </div>
                <div
                  class="ids-mobile-menu-item"
                >
                  <div
                    class="ids-mobile-menu-item__inner ids-mobile-menu-item__inner--level-1"
                  >
                    <a
                      href="https://www.1177.se/e-tjanster"
                      rel="noreferrer"
                      target="_blank"
                    >
                      Läs mer om e-tjänster
                      <span
                        class="ids-icon-external-link  ids-icon--text-end"
                      />
                    </a>
                  </div>
                  <div
                    class="ids-mobile-menu-item__sub-items"
                    id=":r2:"
                  />
                </div>
              </div>
            </div>
            <div
              class="ids-footer-1177__mobile-links"
            >
              <a
                class="ids-link ids-link--color-4 ids-link--light ids-link--small ids-link--underlined"
                href="https://www.1177.se/om-1177/1177.se/hantering-av-personuppgifter-pa-1177.se/"
                rel="noreferrer"
                target="_blank"
              >
                Behandling av personuppgifter
                <span
                  class="ids-icon-external-link-small  ids-icon--text-end"
                />
              </a>
              <a
                class="ids-link ids-link--color-4 ids-link--light ids-link--small ids-link--underlined"
                href="https://www.1177.se/om-1177/1177.se/hantering-av-kakor-cookies-pa-1177.se/"
                rel="noreferrer"
                target="_blank"
              >
                Hantering av kakor
                <span
                  class="ids-icon-external-link-small  ids-icon--text-end"
                />
              </a>
            </div>
          </div>
        </div>
        <div
          class="ids-footer-1177__sub-footer-mobile"
        >
          <div
            class="ids-footer-1177__sub-footer-mobile-text"
          >
            <p>
              1177 drivs av
               
              <a
                class="ids-link ids-link--color-4 ids-link--light ids-link--small ids-link--underlined"
                href="https://www.inera.se/"
                rel="noreferrer"
                target="_blank"
              >
                Inera AB
                <span
                  class="ids-icon-external-link-small  ids-icon--text-end"
                />
              </a>
               
              på uppdrag av Sveriges regioner
            </p>
          </div>
        </div>
      </div>
    </footer>
  </div>
</div>
`;
