// Vitest Snapshot v1, https://vitest.dev/guide/snapshot.html

exports[`Should render as expected 1`] = `
<div>
  <h2>
    Unexpected Application Error!
  </h2>
  <h3
    style="font-style: italic;"
  >
    could not find react-redux context value; please ensure the component is wrapped in a &lt;Provider&gt;
  </h3>
  <pre
    style="padding: 0.5rem; background-color: rgba(200, 200, 200, 0.5);"
  >
    Error: could not find react-redux context value; please ensure the component is wrapped in a &lt;Provider&gt;
    at useReduxContext (C:\\Users\\stilly\\sklintyg\\frontend\\node_modules\\.pnpm\\react-redux@8.0.5_@types+react-dom@18.0.10_@types+react@18.0.27_react-dom@18.2.0_react@18.2.0_redux@4.2.1\\node_modules\\react-redux\\lib\\hooks\\useReduxContext.js:30:11)
    at Module.useSelector (C:\\Users\\stilly\\sklintyg\\frontend\\node_modules\\.pnpm\\react-redux@8.0.5_@types+react-dom@18.0.10_@types+react@18.0.27_react-dom@18.2.0_react@18.2.0_redux@4.2.1\\node_modules\\react-redux\\lib\\hooks\\useSelector.js:53:9)
    at SessionEnded (C:\\Users\\stilly\\sklintyg\\frontend\\apps\\minaintyg\\src\\components\\Layout\\SessionEnded.tsx:9:35)
    at renderWithHooks (C:\\Users\\stilly\\sklintyg\\frontend\\node_modules\\.pnpm\\react-dom@18.2.0_react@18.2.0\\node_modules\\react-dom\\cjs\\react-dom.development.js:16305:18)
    at mountIndeterminateComponent (C:\\Users\\stilly\\sklintyg\\frontend\\node_modules\\.pnpm\\react-dom@18.2.0_react@18.2.0\\node_modules\\react-dom\\cjs\\react-dom.development.js:20074:13)
    at beginWork (C:\\Users\\stilly\\sklintyg\\frontend\\node_modules\\.pnpm\\react-dom@18.2.0_react@18.2.0\\node_modules\\react-dom\\cjs\\react-dom.development.js:21587:16)
    at beginWork$1 (C:\\Users\\stilly\\sklintyg\\frontend\\node_modules\\.pnpm\\react-dom@18.2.0_react@18.2.0\\node_modules\\react-dom\\cjs\\react-dom.development.js:27426:14)
    at performUnitOfWork (C:\\Users\\stilly\\sklintyg\\frontend\\node_modules\\.pnpm\\react-dom@18.2.0_react@18.2.0\\node_modules\\react-dom\\cjs\\react-dom.development.js:26560:12)
    at workLoopSync (C:\\Users\\stilly\\sklintyg\\frontend\\node_modules\\.pnpm\\react-dom@18.2.0_react@18.2.0\\node_modules\\react-dom\\cjs\\react-dom.development.js:26466:5)
    at renderRootSync (C:\\Users\\stilly\\sklintyg\\frontend\\node_modules\\.pnpm\\react-dom@18.2.0_react@18.2.0\\node_modules\\react-dom\\cjs\\react-dom.development.js:26434:7)
  </pre>
  <p>
    💿 Hey developer 👋
  </p>
  <p>
    You can provide a way better UX than this when your app throws errors by providing your own 
    <code
      style="padding: 2px 4px; background-color: rgba(200, 200, 200, 0.5);"
    >
      ErrorBoundary
    </code>
     or
     
    <code
      style="padding: 2px 4px; background-color: rgba(200, 200, 200, 0.5);"
    >
      errorElement
    </code>
     prop on your route.
  </p>
</div>
`;
