// Vitest Snapshot v1, https://vitest.dev/guide/snapshot.html

exports[`Should render correctly 1`] = `
<div>
  <header
    class="ids-content mb-7"
  >
    <h1
      class="ids-heading-1 text-[min(2.25rem,9.25vw)]/[min(2.25rem,9.25vw)] md:text-5xl"
    >
      Test
    </h1>
    <div
      class="ids-preamble mb-2 text-lg md:text-[1.375rem]/[2.25rem]"
    >
      Lorem ipsum
    </div>
  </header>
</div>
`;
